split/page105.pdf : No table found on this PDF

split/page303.pdf : No table found on this PDF

split/page308.pdf : No table found on this PDF

split/page408.pdf : No table found on this PDF

split/page80.pdf : No table found on this PDF

split/page283.pdf : No table found on this PDF

split/page153.pdf : No table found on this PDF

split/page128.pdf : No table found on this PDF

split/page221.pdf : No table found on this PDF

split/page390.pdf : No table found on this PDF

split/page261.pdf : No table found on this PDF

split/page288.pdf : No table found on this PDF

split/page227.pdf : No table found on this PDF

split/page403.pdf : No table found on this PDF

split/page83.pdf : No table found on this PDF

split/page335.pdf : No table found on this PDF

split/page401.pdf : No table found on this PDF

split/page86.pdf : No table found on this PDF

split/page394.pdf : No table found on this PDF

split/page255.pdf : No table found on this PDF

split/page126.pdf : No table found on this PDF

split/page171.pdf : No table found on this PDF

split/page91.pdf : No table found on this PDF

split/page148.pdf : No table found on this PDF

split/page344.pdf : No table found on this PDF

split/page349.pdf : No table found on this PDF

split/page134.pdf : No table found on this PDF

split/page383.pdf : No table found on this PDF

split/page225.pdf : No table found on this PDF

split/page113.pdf : No table found on this PDF

split/page121.pdf : No table found on this PDF

